/*	
	SNDINFO Organized by Whoo
*/

//==============================================================================
//	Zandronum Medals sounds
//==============================================================================

announcer/QCDE/accuracy						a4accu
announcer/QCDE/assist						a4assist
announcer/QCDE/yourskillisnotenough			a4noteno	
announcer/QCDE/youfailit					a4youfai
announcer/QCDE/totaldomination				a4tdom
announcer/QCDE/spam							a4spam
announcer/QCDE/capture						a4captur
announcer/QCDE/defense						a4defens
announcer/QCDE/domination					a4domn
announcer/QCDE/excellent					a4excl
announcer/QCDE/firstfrag					a4ffrag
announcer/QCDE/fisting						a4fistng
announcer/QCDE/llama						a4llam
announcer/QCDE/impressive					a4impr
announcer/QCDE/incredible					a4incr
announcer/QCDE/mostimpressive				a4mimp
announcer/QCDE/perfect						a4perfct
announcer/QCDE/precision					a4prec

//==============================================================================
//	QC:DE medals sounds
//==============================================================================

medals/QCDE/Denied			"Sounds/Medals/Denied.ogg"
medals/QCDE/DWhammy			"Sounds/Medals/DoubleWhammy.ogg"
medals/QCDE/Excellent		"Sounds/Medals/Excellent.ogg"
medals/QCDE/TKill			"Sounds/Medals/TripleKill.ogg"
medals/QCDE/Fighter			"Sounds/Medals/Fighter.ogg"
medals/QCDE/Avatar			"Sounds/Medals/Avatar.ogg"
medals/QCDE/Impressive		"Sounds/Medals/Impressive.ogg"
medals/QCDE/Precise			"Sounds/Medals/Precise.ogg"
medals/QCDE/FBlood			"Sounds/Medals/FirstBlood.ogg"
medals/QCDE/DHard			"Sounds/Medals/DieHard.ogg"
medals/QCDE/Tank			"Sounds/Medals/Tank.ogg"
medals/QCDE/PBreaker		"Sounds/Medals/PBreaker.ogg"
medals/QCDE/KSpree			"Sounds/Medals/KSpree.ogg"
medals/QCDE/Rage			"Sounds/Medals/Rage.ogg"
medals/QCDE/Frenzy			"Sounds/Medals/Frenzy.ogg"
medals/QCDE/Rampage			"Sounds/Medals/Rampage.ogg"
medals/QCDE/SStopper		"Sounds/Medals/SStopper.ogg"
medals/QCDE/Midair			"Sounds/Medals/Midair.ogg"
medals/QCDE/Perforated		"Sounds/Medals/Perforated.ogg"
medals/QCDE/Humiliation		"Sounds/Medals/Humiliation.ogg"
medals/QCDE/DDealer			"Sounds/Medals/DamageDealer.ogg"
medals/QCDE/NMaster			"Sounds/Medals/NetMaster.ogg"
medals/QCDE/PBlank			"Sounds/Medals/PointBlank.ogg"
medals/QCDE/CKill			"Sounds/Medals/ComboKill.ogg"
medals/QCDE/ROut			"Sounds/Medals/RingOut.ogg"
medals/QCDE/PMassacre		"Sounds/Medals/PowerupMassacre.ogg"
medals/QCDE/SWatch			"Sounds/Medals/Stopwatch.ogg"
medals/QCDE/FTGrave			"Sounds/Medals/FromTheGrave.ogg"
medals/QCDE/GPsyched		"Sounds/Medals/GetPsyched.ogg"
medals/QCDE/Cursed			"Sounds/Medals/Cursed.ogg"
medals/QCDE/Seer			"Sounds/Medals/Seer.ogg"
medals/QCDE/Junkie			"Sounds/Medals/Junkie.ogg"
medals/QCDE/AbilKill		"Sounds/Medals/AbilKill.ogg"
medals/QCDE/InsideOut		"Sounds/Medals/InsideOut.ogg"
medals/QCDE/Pineapple		"Sounds/Medals/Pineapple.ogg"
medals/QCDE/Slayer			"Sounds/Medals/Slayer.ogg"
medals/QCDE/Stomper			"Sounds/Medals/Stomper.ogg"
medals/QCDE/Shocker			"Sounds/Medals/Shocker.ogg"
medals/QCDE/Collateral		"Sounds/Medals/CollateralDamage.ogg"
medals/QCDE/ShubSlayer		"Sounds/Medals/ShubSlayer.ogg"
medals/QCDE/FTShadows		"Sounds/Medals/FromTheShadows.ogg"

//==============================================================================
//	Blue Team Sounds
//==============================================================================

announcer/QCDE/blueflagdropped				a4bfldrp
announcer/QCDE/blueflagreturned				a4bflrtn

announcer/QCDE/blueflagtaken				a4bfltkn

announcer/QCDE/blueleads					a4blueld
announcer/QCDE/bluescores					a4bscore
announcer/QCDE/blueskulldropped				a4bskdrp
announcer/QCDE/blueskullreturned			a4bskrtn

announcer/QCDE/blueskulltaken				a4bsktkn

//==============================================================================
//	Red Team Sounds
//==============================================================================

announcer/QCDE/redflagdropped				a4rfldrp
announcer/QCDE/redflagreturned				a4rflrtn

announcer/QCDE/redflagtaken					a4rfltkn

announcer/QCDE/redleads						a4redld
announcer/QCDE/redredskull					a4rrskul
announcer/QCDE/redscores					a4rscore
announcer/QCDE/redskulldropped				a4rskdrp
announcer/QCDE/redskullreturned				a4rskrtn

announcer/QCDE/redskulltaken				a4rsktkn

//==============================================================================
//	Gold Team Sounds
//==============================================================================

announcer/QCDE/goldflagtaken				a4gfltkn
announcer/QCDE/goldflagdropped				a4gfldrp
announcer/QCDE/goldflagreturned				a4gflrtn

announcer/QCDE/goldscores					a4gscore

announcer/QCDE/goldskulltaken				a4gsktkn
announcer/QCDE/goldskullreturned			a4gskrtn
announcer/QCDE/goldskulldropped				atgskdrp

//==============================================================================
//	Green Team Sounds
//==============================================================================

announcer/QCDE/greenflagtaken				a4nfltkn
announcer/QCDE/greenflagdropped				a4nfldrp
announcer/QCDE/greenflagreturned			a4nflrtn

announcer/QCDE/greenscores					a4nscore

announcer/QCDE/greenskulltaken				a4nsktkn
announcer/QCDE/greenskullreturned			a4nskrtn
announcer/QCDE/greenskulldropped			a4tnskdrp

//==============================================================================
//	White Flag
//==============================================================================

announcer/QCDE/whiteflagreturned			a4wflrtn

//==============================================================================
//	Time Warnings
//==============================================================================

announcer/QCDE/oneminutewarning				a4onmwrn
announcer/QCDE/fiveminutewarning			a4fmnwrn

//==============================================================================
//	Player Notifications
//==============================================================================

announcer/QCDE/nextroundin					a4nxtrnd
announcer/QCDE/one							a4one
announcer/QCDE/onefragleft					a4onefrg
announcer/QCDE/preparetofight				a4prepar
announcer/QCDE/teamsaretied					a4teamtd
announcer/QCDE/youaretiedforthelead			a4tiedld
announcer/QCDE/youhavetheflag				a4uhavfl
announcer/QCDE/yourteamhastheflag			a4tmhsfl
announcer/QCDE/youvelostthelead				a4lostld
announcer/QCDE/youvetakenthelead			a4taknld
announcer/QCDE/youwin						a4win
announcer/QCDE/youlose						a4lose
announcer/QCDE/drawgame						a4draw
announcer/QCDE/suddendeath					a4sdndth
announcer/QCDE/two							a4two
announcer/QCDE/twofragsleft					a4twofrg
announcer/QCDE/victory						a4victor
announcer/QCDE/theenemyhastheflag			a4enhsfl
announcer/QCDE/three						a4three
announcer/QCDE/threefragsleft				a4thrfrg
announcer/QCDE/fight						a4fight

//==============================================================================
//	Runes/Powerups
//==============================================================================

announcer/QCDE/doomsphere					a4dmsphr
announcer/QCDE/drain						a4drain
announcer/QCDE/guardsphere					a4guard
announcer/QCDE/haste						a4haste
announcer/QCDE/highjump						a4hijump
announcer/QCDE/invisibility					a4invs
announcer/QCDE/invulnerability				a4invul
announcer/QCDE/megasphere					a4mega
announcer/QCDE/partialinvisibility			a4pinvs
announcer/QCDE/possessionartifactdropped	a4posdrp
announcer/QCDE/possessionartifactpickedup	a4pospck
announcer/QCDE/prosperity					a4prosp
announcer/QCDE/rage							a4rage
announcer/QCDE/reflection					a4refl
announcer/QCDE/regeneration					a4regen
announcer/QCDE/resistance					a4resis
announcer/QCDE/soulsphere					a4soul
announcer/QCDE/spread						a4spread
announcer/QCDE/strength						a4str
announcer/QCDE/timefreeze					a4timfr
announcer/QCDE/turbosphere					a4turbo

//==============================================================================
//	Game Sounds
//==============================================================================

announcer/QCDE/tag							a4tag
announcer/QCDE/termination					a4term2
announcer/QCDE/terminator					a4term
announcer/QCDE/welcometoctf					a4welctf
announcer/QCDE/welcometooneflagctf			a4wloctf
announcer/QCDE/welcometost					a4welst

//==============================================================================
//	Vote Sounds
//==============================================================================

announcer/QCDE/votefailed					a4vfail
announcer/QCDE/votenow						a4vnow
announcer/QCDE/votepassed					a4vpass
