%!Adobe-FontList 1.19
%Locale:0x409

%BeginFont
Handler:DirectoryHandler
FontType:TrueType
FontName:Verdana
FamilyName:Verdana
StyleName:Regular
FullName:Verdana
MenuName:Verdana
StyleBits:0
WritingScript:Roman
OutlineFileName:C:\Users\Raf\Desktop\New folder\qcde-2.7 Folder\Document fonts\verdana.ttf
DataFormat:sfntData
hasSVG:no
VariableFontType:NonVariableFont
FileLength:243304
FileModTime:1575709707
WeightClass:400
WidthClass:5
AngleClass:0
NameArray:0,Mac,4,Verdana
NameArray:0,Win,1,Verdana
%EndFont

%BeginFont
Handler:DirectoryHandler
FontType:TrueType
FontName:Verdana-Bold
FamilyName:Verdana
StyleName:Bold
FullName:Verdana Bold
MenuName:Verdana
StyleBits:2
WritingScript:Roman
OutlineFileName:C:\Users\Raf\Desktop\New folder\qcde-2.7 Folder\Document fonts\verdanab.ttf
DataFormat:sfntData
hasSVG:no
VariableFontType:NonVariableFont
FileLength:211260
FileModTime:1575709707
WeightClass:700
WidthClass:5
AngleClass:0
NameArray:0,Mac,4,Verdana Bold
NameArray:0,Win,1,Verdana
%EndFont

